app/api/market-data/route.ts(69,65): error TS2339: Property 'length' does not exist on type 'never'.
components/dashboard/asset-performance-chart.tsx(132,17): error TS2322: Type '(value: number | string) => [string, "Price"]' is not assignable to type 'Formatter<string | number, "Price">'.
  Types of parameters 'value' and 'value' are incompatible.
    Type 'string | number | undefined' is not assignable to type 'string | number'.
      Type 'undefined' is not assignable to type 'string | number'.
